LTspice 24.1.9 for Windows
Circuit: D:\Github Repositories\power-electronics-2025\Module 3 DC_DC Converters\simulations\Buck-12V.net
Start Time: Wed Sep 24 06:21:53 2025
solver = Normal
Maximum thread count: 12
tnom = 27
temp = 27
method = modified trap
Direct Newton iteration for .op point succeeded.
Total elapsed time: 38.301 seconds.

Files loaded:
D:\Github Repositories\power-electronics-2025\Module 3 DC_DC Converters\simulations\Buck-12V.net
C:\Users\WILMER JIMENEZ\AppData\Local\LTspice\lib\cmp\standard.dio
C:\Users\WILMER JIMENEZ\AppData\Local\LTspice\lib\cmp\standard.mos
C:\Users\WILMER JIMENEZ\Documents\LTspice\TL431\tl431.mod

vout_peak: MAX(V(n003))=13.6392288208 FROM 0 TO 0.1
vout_rms: RMS(V(n003))=12.3724679622 FROM 0 TO 0.1
vload_peak: MAX(V(n005))=13.0254859924 FROM 0 TO 0.1
vload_rms: RMS(V(n005))=11.8838718502 FROM 0 TO 0.1
pload: AVG(V(n005)*I(RL))=25.4004334738 FROM 0 TO 0.1
vdc: AVG(V(n005))=11.7166275608 FROM 0 TO 0.1
vripplerms: Vload_peak/(240*sqrt(3)*5*19000u)=0.32983630895
ripplefactor: 100*(VrippleRMS/Vdc)=2.81511302836
