LTspice 24.1.9 for Windows
Circuit: D:\Github Repositories\power-electronics-2025\Module 1 Diodes\simulations\Rectificadores.net
Start Time: Tue Aug 19 14:51:52 2025
solver = Normal
Maximum thread count: 12
tnom = 27
temp = 27
method = modified trap
C1: Increased Cpar to 1.9e-08
Direct Newton iteration for .op point succeeded.
Total elapsed time: 2.137 seconds.

Files loaded:
D:\Github Repositories\power-electronics-2025\Module 1 Diodes\simulations\Rectificadores.net
C:\Users\WILMER JIMENEZ\AppData\Local\LTspice\lib\cmp\standard.dio

vout_peak: MAX(V(n008,n007))=7.55001354218 FROM 0 TO 1
vout_rms: RMS(V(n008,n007))=6.49183218457 FROM 0 TO 1
vload_peak: MAX(V(n005))=5.54502487183 FROM 0 TO 1
vload_rms: RMS(V(n005))=5.24566879965 FROM 0 TO 1
pload: AVG(V(n005)*I(R1))=5.50340823043 FROM 0 TO 1
vdc: AVG(V(n005))=5.18312527895 FROM 0 TO 1
vripplerms: Vload_peak/(240*sqrt(3)*5*19000u)=0.140413228176
ripplefactor: 100*(VrippleRMS/Vdc)=2.70904561667
