LTspice 24.1.9 for Windows
Circuit: D:\Github Repositories\power-electronics-2025\Module 2 Power Transistors\simulations\BJT Simulation.net
Start Time: Mon Sep 15 14:51:16 2025
solver = Normal
Maximum thread count: 12
tnom = 27
temp = 27
method = modified trap
.OP point found by inspection.
Total elapsed time: 0.306 seconds.

Files loaded:
D:\Github Repositories\power-electronics-2025\Module 2 Power Transistors\simulations\BJT Simulation.net
C:\Users\WILMER JIMENEZ\AppData\Local\LTspice\lib\cmp\standard.dio
C:\Users\WILMER JIMENEZ\AppData\Local\LTspice\lib\cmp\standard.bjt

vout_peak: MAX(V(n002))=15.3667831421 FROM 0 TO 4
vout_rms: RMS(V(n002))=14.0700854622 FROM 0 TO 4
vload_peak: MAX(V(n002,n003))=12.4773218632 FROM 0 TO 4
vload_rms: RMS(V(n002,n003))=7.53321936646 FROM 0 TO 4
pload: AVG(V(n002,n003)*I(RL))=10.206725544 FROM 0 TO 4
vdc: AVG(V(n002,n003))=5.32384329431 FROM 0 TO 4
vripplerms: Vload_peak/(240*sqrt(3)*5*19000u)=0.315955488442
ripplefactor: 100*(VrippleRMS/Vdc)=5.93472555398
