LTspice 24.1.9 for Windows
Circuit: D:\Github Repositories\power-electronics-2025\Module 2 Power Transistors\simulations\Draft1.net
Start Time: Wed Sep  3 08:39:04 2025
solver = Normal
Maximum thread count: 12
tnom = 27
temp = 27
method = modified trap
C1: Increased Cpar to 1.9e-08
.OP point found by inspection.
Total elapsed time: 0.472 seconds.

Files loaded:
D:\Github Repositories\power-electronics-2025\Module 2 Power Transistors\simulations\Draft1.net
C:\Users\WILMER JIMENEZ\AppData\Local\LTspice\lib\cmp\standard.dio
C:\Users\WILMER JIMENEZ\AppData\Local\LTspice\lib\cmp\standard.mos

vout_peak: MAX(V(n005,n004))=169.698394783 FROM 0 TO 4
vout_rms: RMS(V(n005,n004))=119.044628835 FROM 0 TO 4
vload_peak: MAX(V(n002))=15.3778247833 FROM 0 TO 4
vload_rms: RMS(V(n002))=14.3118622491 FROM 0 TO 4
pload: AVG(V(n002)*I(RL))=15.5988889766 FROM 0 TO 4
vdc: AVG(V(n002))=14.2728670393 FROM 0 TO 4
vripplerms: Vload_peak/(240*sqrt(3)*5*19000u)=0.389403126237
ripplefactor: 100*(VrippleRMS/Vdc)=2.72827544153
