LTspice 24.1.9 for Windows
Circuit: D:\Github Repositories\power-electronics-2025\Module 2 Power Transistors\simulations\MOSFET Simulation.net
Start Time: Wed Sep 17 15:27:44 2025
solver = Normal
Maximum thread count: 12
tnom = 27
temp = 27
method = modified trap
.OP point found by inspection.
Total elapsed time: 0.334 seconds.

Files loaded:
D:\Github Repositories\power-electronics-2025\Module 2 Power Transistors\simulations\MOSFET Simulation.net
C:\Users\WILMER JIMENEZ\AppData\Local\LTspice\lib\cmp\standard.dio
C:\Users\WILMER JIMENEZ\AppData\Local\LTspice\lib\cmp\standard.mos

vout_peak: MAX(V(n004))=4.98904132843 FROM 0 TO 4
vout_rms: RMS(V(n004))=3.52778579655 FROM 0 TO 4
vload_peak: MAX(V(n004,n001))=4.85114616156 FROM 0 TO 4
vload_rms: RMS(V(n004,n001))=11.2599308334 FROM 0 TO 4
pload: AVG(V(n004,n001)*I(RL))=5.60344345647 FROM 0 TO 4
vdc: AVG(V(n004,n001))=-5.15352422002 FROM 0 TO 4
vripplerms: Vload_peak/(240*sqrt(3)*5*19000u)=0.122842567643
ripplefactor: 100*(VrippleRMS/Vdc)=-2.38366140137
