LTspice 24.1.9 for Windows
Circuit: D:\Github Repositories\power-electronics-2025\Module 2 Power Transistors\simulations\tipcSimulation.net
Start Time: Wed Sep  3 08:41:13 2025
solver = Normal
Maximum thread count: 12
tnom = 27
temp = 27
method = modified trap
C1: Increased Cpar to 1.9e-08
.OP point found by inspection.
Total elapsed time: 0.410 seconds.

Files loaded:
D:\Github Repositories\power-electronics-2025\Module 2 Power Transistors\simulations\tipcSimulation.net
C:\Users\WILMER JIMENEZ\AppData\Local\LTspice\lib\cmp\standard.dio
C:\Users\WILMER JIMENEZ\AppData\Local\LTspice\lib\cmp\standard.bjt

vout_peak: MAX(V(n005,n004))=168.558205009 FROM 0 TO 4
vout_rms: RMS(V(n005,n004))=119.438406335 FROM 0 TO 4
vload_peak: MAX(V(n002))=15.3785514832 FROM 0 TO 4
vload_rms: RMS(V(n002))=14.2870887463 FROM 0 TO 4
pload: AVG(V(n002)*I(RL))=13.1653228111 FROM 0 TO 4
vdc: AVG(V(n002))=14.2475643614 FROM 0 TO 4
vripplerms: Vload_peak/(240*sqrt(3)*5*19000u)=0.389421528006
ripplefactor: 100*(VrippleRMS/Vdc)=2.73324982523
